id.co.sigma.mx.channel.ws.Channel -> id.co.sigma.mx.channel.ws.Channel:
    void login(java.lang.String,java.lang.String) -> login
    id.co.sigma.mx.channel.ws.model.Data execute(java.lang.String,id.co.sigma.mx.channel.ws.model.Data) -> execute
    id.co.sigma.mx.channel.ws.model.Data showSample() -> showSample
id.co.sigma.mx.channel.ws.ChannelImpl -> id.co.sigma.mx.channel.ws.ChannelImpl:
    java.util.concurrent.atomic.AtomicLong lastCounter -> a
    java.util.Map latches -> b
    java.util.Map responses -> c
    java.util.Collection listeners -> d
    78:78:java.lang.String nextUniqueAssoc() -> a
    135:141:void tellListeners(id.co.sigma.mx.channel.ws.WsMessage) -> a
    146:156:void write(id.co.sigma.mx.channel.ws.WsMessage) -> write
    160:161:void addMessageListener(id.co.sigma.mx.transport.MessageListener) -> addMessageListener
    174:175:void setMessageListeners(java.util.Collection) -> setMessageListeners
    179:216:id.co.sigma.mx.channel.ws.wsdl.PaymentResponse2 payment(id.co.sigma.mx.channel.ws.wsdl.PaymentRequest) -> payment
    222:222:java.lang.String echoTest(java.lang.String) -> echoTest
    227:259:id.co.sigma.mx.channel.ws.wsdl.ReversalResponse reverse(id.co.sigma.mx.channel.ws.wsdl.ReversalRequest) -> reverse
    265:304:id.co.sigma.mx.channel.ws.wsdl.InquiryResponse2 inquiry(id.co.sigma.mx.channel.ws.wsdl.InquiryRequest) -> inquiry
    32:32:void write(java.lang.Object) -> write
id.co.sigma.mx.channel.ws.CommonPropertySetter -> id.co.sigma.mx.channel.ws.CommonPropertySetter:
    9:13:id.co.sigma.mx.message.InternalMessage apply(id.co.sigma.mx.message.InternalMessage) -> apply
id.co.sigma.mx.channel.ws.Test -> id.co.sigma.mx.channel.ws.Test:
    26:26:id.co.sigma.mx.channel.ws.wsdl.PaymentResponse2 payment(id.co.sigma.mx.channel.ws.wsdl.PaymentRequest) -> payment
    35:35:java.lang.String echoTest(java.lang.String) -> echoTest
    44:44:id.co.sigma.mx.channel.ws.wsdl.ReversalResponse reverse(id.co.sigma.mx.channel.ws.wsdl.ReversalRequest) -> reverse
    56:56:id.co.sigma.mx.channel.ws.wsdl.InquiryResponse2 inquiry(id.co.sigma.mx.channel.ws.wsdl.InquiryRequest) -> inquiry
id.co.sigma.mx.channel.ws.WsCodec -> id.co.sigma.mx.channel.ws.WsCodec:
    19:25:java.lang.String encode(id.co.sigma.mx.channel.ws.WsMessage) -> encode
    30:36:id.co.sigma.mx.channel.ws.WsMessage decode(java.lang.String) -> decode
    15:15:id.co.sigma.mx.message.ExternalMessage decode(java.lang.String) -> decode
    15:15:java.lang.String encode(id.co.sigma.mx.message.ExternalMessage) -> encode
id.co.sigma.mx.channel.ws.WsMessage -> id.co.sigma.mx.channel.ws.WsMessage:
    java.lang.String assocKey -> a
    java.lang.String mappingCode -> b
    boolean isRequest -> c
    java.util.Map content -> d
    42:42:java.lang.String getAssocKey() -> getAssocKey
    47:47:boolean isRequest() -> isRequest
    52:52:java.lang.String getMappingCode() -> getMappingCode
    57:57:java.lang.String getValue(java.lang.String) -> getValue
    62:63:void setValue(java.lang.String,java.lang.String) -> setValue
    67:67:java.util.Map getValueHolder() -> getValueHolder
    72:72:java.lang.String getResponseCode() -> getResponseCode
    76:77:void setAssocKey(java.lang.String) -> setAssocKey
    80:80:id.co.sigma.mx.channel.ws.model.Data getData() -> getData
    87:88:void setResponse() -> setResponse
id.co.sigma.mx.channel.ws.WsTranslator -> id.co.sigma.mx.channel.ws.WsTranslator:
    23:27:id.co.sigma.mx.message.InternalMessage from(id.co.sigma.mx.channel.ws.WsMessage,java.lang.String) -> from
    35:43:id.co.sigma.mx.channel.ws.WsMessage to(id.co.sigma.mx.message.InternalMessage,java.lang.String) -> to
    12:12:id.co.sigma.mx.message.ExternalMessage to(id.co.sigma.mx.message.InternalMessage,java.lang.String) -> to
    12:12:id.co.sigma.mx.message.InternalMessage from(id.co.sigma.mx.message.ExternalMessage,java.lang.String) -> from
id.co.sigma.mx.channel.ws.model.Data -> id.co.sigma.mx.channel.ws.model.Data:
    java.util.Collection entries -> a
    26:26:java.util.Collection getEntries() -> getEntries
    30:31:void setEntries(java.util.Collection) -> setEntries
    34:38:java.util.Map toMap() -> toMap
    43:43:java.lang.String toString() -> toString
id.co.sigma.mx.channel.ws.model.FieldEntry -> id.co.sigma.mx.channel.ws.model.FieldEntry:
    java.lang.String field -> a
    java.lang.String value -> b
    18:18:java.lang.String getField() -> getField
    21:22:void setField(java.lang.String) -> setField
    25:25:java.lang.String getValue() -> getValue
    29:30:void setValue(java.lang.String) -> setValue
    34:34:java.lang.String toString() -> toString
id.co.sigma.mx.channel.ws.wsdl.ArrayOfBillDetail -> id.co.sigma.mx.channel.ws.wsdl.ArrayOfBillDetail:
    java.util.List billDetail -> billDetail
    63:66:java.util.List getBillDetail() -> getBillDetail
    70:78:void setBillDetail(id.co.sigma.mx.channel.ws.wsdl.BillDetail) -> setBillDetail
id.co.sigma.mx.channel.ws.wsdl.ArrayOfString -> id.co.sigma.mx.channel.ws.wsdl.ArrayOfString:
    java.util.List string -> string
    42:42:java.lang.String toString() -> toString
    68:71:java.util.List getString() -> getString
    75:80:void setString(java.lang.String) -> setString
id.co.sigma.mx.channel.ws.wsdl.BillDetail -> id.co.sigma.mx.channel.ws.wsdl.BillDetail:
    java.lang.String billCode -> billCode
    java.lang.String billName -> billName
    java.lang.String billShortName -> billShortName
    java.lang.String billAmount -> billAmount
    java.lang.String reference1 -> reference1
    java.lang.String reference2 -> reference2
    java.lang.String reference3 -> reference3
    63:63:java.lang.String getBillCode() -> getBillCode
    75:76:void setBillCode(java.lang.String) -> setBillCode
    87:87:java.lang.String getBillName() -> getBillName
    99:100:void setBillName(java.lang.String) -> setBillName
    111:111:java.lang.String getBillShortName() -> getBillShortName
    123:124:void setBillShortName(java.lang.String) -> setBillShortName
    135:135:java.lang.String getBillAmount() -> getBillAmount
    147:148:void setBillAmount(java.lang.String) -> setBillAmount
    159:159:java.lang.String getReference1() -> getReference1
    171:172:void setReference1(java.lang.String) -> setReference1
    183:183:java.lang.String getReference2() -> getReference2
    195:196:void setReference2(java.lang.String) -> setReference2
    207:207:java.lang.String getReference3() -> getReference3
    219:220:void setReference3(java.lang.String) -> setReference3
id.co.sigma.mx.channel.ws.wsdl.BillPaymentService -> id.co.sigma.mx.channel.ws.wsdl.BillPaymentService:
    java.net.URL WSDL_LOCATION -> WSDL_LOCATION
    javax.xml.namespace.QName SERVICE -> SERVICE
    javax.xml.namespace.QName BillPaymentServiceSoap -> BillPaymentServiceSoap
    57:57:id.co.sigma.mx.channel.ws.wsdl.BillPaymentServiceSoap getBillPaymentServiceSoap() -> getBillPaymentServiceSoap
id.co.sigma.mx.channel.ws.wsdl.BillPaymentServiceSoap -> id.co.sigma.mx.channel.ws.wsdl.BillPaymentServiceSoap:
    id.co.sigma.mx.channel.ws.wsdl.PaymentResponse2 payment(id.co.sigma.mx.channel.ws.wsdl.PaymentRequest) -> payment
    java.lang.String echoTest(java.lang.String) -> echoTest
    id.co.sigma.mx.channel.ws.wsdl.ReversalResponse reverse(id.co.sigma.mx.channel.ws.wsdl.ReversalRequest) -> reverse
    id.co.sigma.mx.channel.ws.wsdl.InquiryResponse2 inquiry(id.co.sigma.mx.channel.ws.wsdl.InquiryRequest) -> inquiry
id.co.sigma.mx.channel.ws.wsdl.EchoTest -> id.co.sigma.mx.channel.ws.wsdl.EchoTest:
    java.lang.String tx -> tx
    47:47:java.lang.String getTx() -> getTx
    59:60:void setTx(java.lang.String) -> setTx
id.co.sigma.mx.channel.ws.wsdl.EchoTestResponse -> id.co.sigma.mx.channel.ws.wsdl.EchoTestResponse:
    java.lang.String echoTestResult -> echoTestResult
    47:47:java.lang.String getEchoTestResult() -> getEchoTestResult
    59:60:void setEchoTestResult(java.lang.String) -> setEchoTestResult
id.co.sigma.mx.channel.ws.wsdl.Inquiry -> id.co.sigma.mx.channel.ws.wsdl.Inquiry:
    id.co.sigma.mx.channel.ws.wsdl.InquiryRequest request -> request
    47:47:id.co.sigma.mx.channel.ws.wsdl.InquiryRequest getRequest() -> getRequest
    59:60:void setRequest(id.co.sigma.mx.channel.ws.wsdl.InquiryRequest) -> setRequest
id.co.sigma.mx.channel.ws.wsdl.InquiryRequest -> id.co.sigma.mx.channel.ws.wsdl.InquiryRequest:
    java.lang.String language -> language
    java.lang.String trxDateTime -> trxDateTime
    java.lang.String transmissionDateTime -> transmissionDateTime
    java.lang.String companyCode -> companyCode
    java.lang.String channelID -> channelID
    java.lang.String terminalID -> terminalID
    java.lang.String billKey1 -> billKey1
    java.lang.String billKey2 -> billKey2
    java.lang.String billKey3 -> billKey3
    java.lang.String reference1 -> reference1
    java.lang.String reference2 -> reference2
    java.lang.String reference3 -> reference3
    84:84:java.lang.String getLanguage() -> getLanguage
    96:97:void setLanguage(java.lang.String) -> setLanguage
    108:108:java.lang.String getTrxDateTime() -> getTrxDateTime
    120:121:void setTrxDateTime(java.lang.String) -> setTrxDateTime
    132:132:java.lang.String getTransmissionDateTime() -> getTransmissionDateTime
    144:145:void setTransmissionDateTime(java.lang.String) -> setTransmissionDateTime
    156:156:java.lang.String getCompanyCode() -> getCompanyCode
    168:169:void setCompanyCode(java.lang.String) -> setCompanyCode
    180:180:java.lang.String getChannelID() -> getChannelID
    192:193:void setChannelID(java.lang.String) -> setChannelID
    204:204:java.lang.String getTerminalID() -> getTerminalID
    216:217:void setTerminalID(java.lang.String) -> setTerminalID
    228:228:java.lang.String getBillKey1() -> getBillKey1
    240:241:void setBillKey1(java.lang.String) -> setBillKey1
    252:252:java.lang.String getBillKey2() -> getBillKey2
    264:265:void setBillKey2(java.lang.String) -> setBillKey2
    276:276:java.lang.String getBillKey3() -> getBillKey3
    288:289:void setBillKey3(java.lang.String) -> setBillKey3
    300:300:java.lang.String getReference1() -> getReference1
    312:313:void setReference1(java.lang.String) -> setReference1
    324:324:java.lang.String getReference2() -> getReference2
    336:337:void setReference2(java.lang.String) -> setReference2
    348:348:java.lang.String getReference3() -> getReference3
    360:361:void setReference3(java.lang.String) -> setReference3
    365:386:java.util.Map toMap() -> toMap
id.co.sigma.mx.channel.ws.wsdl.InquiryResponse -> id.co.sigma.mx.channel.ws.wsdl.InquiryResponse:
    id.co.sigma.mx.channel.ws.wsdl.InquiryResponse2 inquiryResult -> inquiryResult
    47:47:id.co.sigma.mx.channel.ws.wsdl.InquiryResponse2 getInquiryResult() -> getInquiryResult
    59:60:void setInquiryResult(id.co.sigma.mx.channel.ws.wsdl.InquiryResponse2) -> setInquiryResult
id.co.sigma.mx.channel.ws.wsdl.InquiryResponse2 -> id.co.sigma.mx.channel.ws.wsdl.InquiryResponse2:
    java.lang.String currency -> currency
    java.lang.String billInfo1 -> billInfo1
    java.lang.String billInfo2 -> billInfo2
    java.lang.String billInfo3 -> billInfo3
    java.lang.String billInfo4 -> billInfo4
    java.lang.String billInfo5 -> billInfo5
    java.lang.String billInfo6 -> billInfo6
    java.lang.String billInfo7 -> billInfo7
    java.lang.String billInfo8 -> billInfo8
    java.lang.String billInfo9 -> billInfo9
    java.lang.String billInfo10 -> billInfo10
    java.lang.String billInfo11 -> billInfo11
    java.lang.String billInfo12 -> billInfo12
    java.lang.String billInfo13 -> billInfo13
    java.lang.String billInfo14 -> billInfo14
    java.lang.String billInfo15 -> billInfo15
    java.lang.String billInfo16 -> billInfo16
    java.lang.String billInfo17 -> billInfo17
    java.lang.String billInfo18 -> billInfo18
    java.lang.String billInfo19 -> billInfo19
    java.lang.String billInfo21 -> billInfo21
    java.lang.String billInfo22 -> billInfo22
    java.lang.String billInfo23 -> billInfo23
    java.lang.String billInfo24 -> billInfo24
    java.lang.String billInfo25 -> billInfo25
    id.co.sigma.mx.channel.ws.wsdl.ArrayOfBillDetail billDetails -> billDetails
    id.co.sigma.mx.channel.ws.wsdl.Status status -> status
    126:126:java.lang.String getCurrency() -> getCurrency
    138:139:void setCurrency(java.lang.String) -> setCurrency
    150:150:java.lang.String getBillInfo1() -> getBillInfo1
    162:163:void setBillInfo1(java.lang.String) -> setBillInfo1
    174:174:java.lang.String getBillInfo2() -> getBillInfo2
    186:187:void setBillInfo2(java.lang.String) -> setBillInfo2
    198:198:java.lang.String getBillInfo3() -> getBillInfo3
    210:211:void setBillInfo3(java.lang.String) -> setBillInfo3
    222:222:java.lang.String getBillInfo4() -> getBillInfo4
    234:235:void setBillInfo4(java.lang.String) -> setBillInfo4
    246:246:java.lang.String getBillInfo5() -> getBillInfo5
    258:259:void setBillInfo5(java.lang.String) -> setBillInfo5
    270:270:java.lang.String getBillInfo6() -> getBillInfo6
    282:283:void setBillInfo6(java.lang.String) -> setBillInfo6
    294:294:java.lang.String getBillInfo7() -> getBillInfo7
    306:307:void setBillInfo7(java.lang.String) -> setBillInfo7
    318:318:java.lang.String getBillInfo8() -> getBillInfo8
    330:331:void setBillInfo8(java.lang.String) -> setBillInfo8
    342:342:java.lang.String getBillInfo9() -> getBillInfo9
    354:355:void setBillInfo9(java.lang.String) -> setBillInfo9
    366:366:java.lang.String getBillInfo10() -> getBillInfo10
    378:379:void setBillInfo10(java.lang.String) -> setBillInfo10
    390:390:java.lang.String getBillInfo11() -> getBillInfo11
    402:403:void setBillInfo11(java.lang.String) -> setBillInfo11
    414:414:java.lang.String getBillInfo12() -> getBillInfo12
    426:427:void setBillInfo12(java.lang.String) -> setBillInfo12
    438:438:java.lang.String getBillInfo13() -> getBillInfo13
    450:451:void setBillInfo13(java.lang.String) -> setBillInfo13
    462:462:java.lang.String getBillInfo14() -> getBillInfo14
    474:475:void setBillInfo14(java.lang.String) -> setBillInfo14
    486:486:java.lang.String getBillInfo15() -> getBillInfo15
    498:499:void setBillInfo15(java.lang.String) -> setBillInfo15
    510:510:java.lang.String getBillInfo16() -> getBillInfo16
    522:523:void setBillInfo16(java.lang.String) -> setBillInfo16
    534:534:java.lang.String getBillInfo17() -> getBillInfo17
    546:547:void setBillInfo17(java.lang.String) -> setBillInfo17
    558:558:java.lang.String getBillInfo18() -> getBillInfo18
    570:571:void setBillInfo18(java.lang.String) -> setBillInfo18
    582:582:java.lang.String getBillInfo19() -> getBillInfo19
    594:595:void setBillInfo19(java.lang.String) -> setBillInfo19
    606:606:java.lang.String getBillInfo21() -> getBillInfo21
    618:619:void setBillInfo21(java.lang.String) -> setBillInfo21
    630:630:java.lang.String getBillInfo22() -> getBillInfo22
    642:643:void setBillInfo22(java.lang.String) -> setBillInfo22
    654:654:java.lang.String getBillInfo23() -> getBillInfo23
    666:667:void setBillInfo23(java.lang.String) -> setBillInfo23
    678:678:java.lang.String getBillInfo24() -> getBillInfo24
    690:691:void setBillInfo24(java.lang.String) -> setBillInfo24
    702:702:java.lang.String getBillInfo25() -> getBillInfo25
    714:715:void setBillInfo25(java.lang.String) -> setBillInfo25
    726:726:id.co.sigma.mx.channel.ws.wsdl.ArrayOfBillDetail getBillDetails() -> getBillDetails
    738:739:void setBillDetails(id.co.sigma.mx.channel.ws.wsdl.ArrayOfBillDetail) -> setBillDetails
    750:750:id.co.sigma.mx.channel.ws.wsdl.Status getStatus() -> getStatus
    762:763:void setStatus(id.co.sigma.mx.channel.ws.wsdl.Status) -> setStatus
    769:817:id.co.sigma.mx.channel.ws.wsdl.InquiryResponse2 convertFromMap(java.util.Map) -> convertFromMap
id.co.sigma.mx.channel.ws.wsdl.ObjectFactory -> id.co.sigma.mx.channel.ws.wsdl.ObjectFactory:
    37:37:id.co.sigma.mx.channel.ws.wsdl.Reverse createReverse() -> createReverse
    45:45:id.co.sigma.mx.channel.ws.wsdl.ReversalRequest createReversalRequest() -> createReversalRequest
    53:53:id.co.sigma.mx.channel.ws.wsdl.Inquiry createInquiry() -> createInquiry
    61:61:id.co.sigma.mx.channel.ws.wsdl.InquiryRequest createInquiryRequest() -> createInquiryRequest
    69:69:id.co.sigma.mx.channel.ws.wsdl.Payment createPayment() -> createPayment
    77:77:id.co.sigma.mx.channel.ws.wsdl.PaymentRequest createPaymentRequest() -> createPaymentRequest
    85:85:id.co.sigma.mx.channel.ws.wsdl.EchoTest createEchoTest() -> createEchoTest
    93:93:id.co.sigma.mx.channel.ws.wsdl.PaymentResponse createPaymentResponse() -> createPaymentResponse
    101:101:id.co.sigma.mx.channel.ws.wsdl.PaymentResponse2 createPaymentResponse2() -> createPaymentResponse2
    109:109:id.co.sigma.mx.channel.ws.wsdl.InquiryResponse createInquiryResponse() -> createInquiryResponse
    117:117:id.co.sigma.mx.channel.ws.wsdl.InquiryResponse2 createInquiryResponse2() -> createInquiryResponse2
    125:125:id.co.sigma.mx.channel.ws.wsdl.ReverseResponse createReverseResponse() -> createReverseResponse
    133:133:id.co.sigma.mx.channel.ws.wsdl.ReversalResponse createReversalResponse() -> createReversalResponse
    141:141:id.co.sigma.mx.channel.ws.wsdl.EchoTestResponse createEchoTestResponse() -> createEchoTestResponse
    149:149:id.co.sigma.mx.channel.ws.wsdl.Status createStatus() -> createStatus
    157:157:id.co.sigma.mx.channel.ws.wsdl.BillDetail createBillDetail() -> createBillDetail
    165:165:id.co.sigma.mx.channel.ws.wsdl.ArrayOfString createArrayOfString() -> createArrayOfString
    173:173:id.co.sigma.mx.channel.ws.wsdl.ArrayOfBillDetail createArrayOfBillDetail() -> createArrayOfBillDetail
id.co.sigma.mx.channel.ws.wsdl.Payment -> id.co.sigma.mx.channel.ws.wsdl.Payment:
    id.co.sigma.mx.channel.ws.wsdl.PaymentRequest request -> request
    47:47:id.co.sigma.mx.channel.ws.wsdl.PaymentRequest getRequest() -> getRequest
    59:60:void setRequest(id.co.sigma.mx.channel.ws.wsdl.PaymentRequest) -> setRequest
id.co.sigma.mx.channel.ws.wsdl.PaymentRequest -> id.co.sigma.mx.channel.ws.wsdl.PaymentRequest:
    java.lang.String language -> language
    java.lang.String trxDateTime -> trxDateTime
    java.lang.String transmissionDateTime -> transmissionDateTime
    java.lang.String companyCode -> companyCode
    java.lang.String channelID -> channelID
    java.lang.String terminalID -> terminalID
    java.lang.String billKey1 -> billKey1
    java.lang.String billKey2 -> billKey2
    java.lang.String billKey3 -> billKey3
    id.co.sigma.mx.channel.ws.wsdl.ArrayOfString paidBills -> paidBills
    java.lang.String paymentAmount -> paymentAmount
    java.lang.String currency -> currency
    java.lang.String transactionID -> transactionID
    java.lang.String reference1 -> reference1
    java.lang.String reference2 -> reference2
    java.lang.String reference3 -> reference3
    java.lang.String BILL_CODE -> a
    98:98:java.lang.String getLanguage() -> getLanguage
    110:111:void setLanguage(java.lang.String) -> setLanguage
    122:122:java.lang.String getTrxDateTime() -> getTrxDateTime
    134:135:void setTrxDateTime(java.lang.String) -> setTrxDateTime
    146:146:java.lang.String getTransmissionDateTime() -> getTransmissionDateTime
    158:159:void setTransmissionDateTime(java.lang.String) -> setTransmissionDateTime
    170:170:java.lang.String getCompanyCode() -> getCompanyCode
    182:183:void setCompanyCode(java.lang.String) -> setCompanyCode
    194:194:java.lang.String getChannelID() -> getChannelID
    206:207:void setChannelID(java.lang.String) -> setChannelID
    218:218:java.lang.String getTerminalID() -> getTerminalID
    230:231:void setTerminalID(java.lang.String) -> setTerminalID
    242:242:java.lang.String getBillKey1() -> getBillKey1
    254:255:void setBillKey1(java.lang.String) -> setBillKey1
    266:266:java.lang.String getBillKey2() -> getBillKey2
    278:279:void setBillKey2(java.lang.String) -> setBillKey2
    290:290:java.lang.String getBillKey3() -> getBillKey3
    302:303:void setBillKey3(java.lang.String) -> setBillKey3
    314:314:id.co.sigma.mx.channel.ws.wsdl.ArrayOfString getPaidBills() -> getPaidBills
    326:327:void setPaidBills(id.co.sigma.mx.channel.ws.wsdl.ArrayOfString) -> setPaidBills
    338:338:java.lang.String getPaymentAmount() -> getPaymentAmount
    350:351:void setPaymentAmount(java.lang.String) -> setPaymentAmount
    362:362:java.lang.String getCurrency() -> getCurrency
    374:375:void setCurrency(java.lang.String) -> setCurrency
    386:386:java.lang.String getTransactionID() -> getTransactionID
    398:399:void setTransactionID(java.lang.String) -> setTransactionID
    410:410:java.lang.String getReference1() -> getReference1
    422:423:void setReference1(java.lang.String) -> setReference1
    434:434:java.lang.String getReference2() -> getReference2
    446:447:void setReference2(java.lang.String) -> setReference2
    458:458:java.lang.String getReference3() -> getReference3
    470:471:void setReference3(java.lang.String) -> setReference3
    475:505:java.util.Map toMap() -> toMap
    510:519:void main(java.lang.String[]) -> main
id.co.sigma.mx.channel.ws.wsdl.PaymentResponse -> id.co.sigma.mx.channel.ws.wsdl.PaymentResponse:
    id.co.sigma.mx.channel.ws.wsdl.PaymentResponse2 paymentResult -> paymentResult
    47:47:id.co.sigma.mx.channel.ws.wsdl.PaymentResponse2 getPaymentResult() -> getPaymentResult
    59:60:void setPaymentResult(id.co.sigma.mx.channel.ws.wsdl.PaymentResponse2) -> setPaymentResult
id.co.sigma.mx.channel.ws.wsdl.PaymentResponse2 -> id.co.sigma.mx.channel.ws.wsdl.PaymentResponse2:
    java.lang.String billInfo1 -> billInfo1
    java.lang.String billInfo2 -> billInfo2
    java.lang.String billInfo3 -> billInfo3
    java.lang.String billInfo4 -> billInfo4
    java.lang.String billInfo5 -> billInfo5
    java.lang.String billInfo6 -> billInfo6
    java.lang.String billInfo7 -> billInfo7
    java.lang.String billInfo8 -> billInfo8
    java.lang.String billInfo9 -> billInfo9
    java.lang.String billInfo10 -> billInfo10
    java.lang.String billInfo11 -> billInfo11
    java.lang.String billInfo12 -> billInfo12
    java.lang.String billInfo13 -> billInfo13
    java.lang.String billInfo14 -> billInfo14
    java.lang.String billInfo15 -> billInfo15
    java.lang.String billInfo16 -> billInfo16
    java.lang.String billInfo17 -> billInfo17
    java.lang.String billInfo18 -> billInfo18
    java.lang.String billInfo19 -> billInfo19
    java.lang.String billInfo21 -> billInfo21
    java.lang.String billInfo22 -> billInfo22
    java.lang.String billInfo23 -> billInfo23
    java.lang.String billInfo24 -> billInfo24
    java.lang.String billInfo25 -> billInfo25
    id.co.sigma.mx.channel.ws.wsdl.Status status -> status
    119:119:java.lang.String getBillInfo1() -> getBillInfo1
    131:132:void setBillInfo1(java.lang.String) -> setBillInfo1
    143:143:java.lang.String getBillInfo2() -> getBillInfo2
    155:156:void setBillInfo2(java.lang.String) -> setBillInfo2
    167:167:java.lang.String getBillInfo3() -> getBillInfo3
    179:180:void setBillInfo3(java.lang.String) -> setBillInfo3
    191:191:java.lang.String getBillInfo4() -> getBillInfo4
    203:204:void setBillInfo4(java.lang.String) -> setBillInfo4
    215:215:java.lang.String getBillInfo5() -> getBillInfo5
    227:228:void setBillInfo5(java.lang.String) -> setBillInfo5
    239:239:java.lang.String getBillInfo6() -> getBillInfo6
    251:252:void setBillInfo6(java.lang.String) -> setBillInfo6
    263:263:java.lang.String getBillInfo7() -> getBillInfo7
    275:276:void setBillInfo7(java.lang.String) -> setBillInfo7
    287:287:java.lang.String getBillInfo8() -> getBillInfo8
    299:300:void setBillInfo8(java.lang.String) -> setBillInfo8
    311:311:java.lang.String getBillInfo9() -> getBillInfo9
    323:324:void setBillInfo9(java.lang.String) -> setBillInfo9
    335:335:java.lang.String getBillInfo10() -> getBillInfo10
    347:348:void setBillInfo10(java.lang.String) -> setBillInfo10
    359:359:java.lang.String getBillInfo11() -> getBillInfo11
    371:372:void setBillInfo11(java.lang.String) -> setBillInfo11
    383:383:java.lang.String getBillInfo12() -> getBillInfo12
    395:396:void setBillInfo12(java.lang.String) -> setBillInfo12
    407:407:java.lang.String getBillInfo13() -> getBillInfo13
    419:420:void setBillInfo13(java.lang.String) -> setBillInfo13
    431:431:java.lang.String getBillInfo14() -> getBillInfo14
    443:444:void setBillInfo14(java.lang.String) -> setBillInfo14
    455:455:java.lang.String getBillInfo15() -> getBillInfo15
    467:468:void setBillInfo15(java.lang.String) -> setBillInfo15
    479:479:java.lang.String getBillInfo16() -> getBillInfo16
    491:492:void setBillInfo16(java.lang.String) -> setBillInfo16
    503:503:java.lang.String getBillInfo17() -> getBillInfo17
    515:516:void setBillInfo17(java.lang.String) -> setBillInfo17
    527:527:java.lang.String getBillInfo18() -> getBillInfo18
    539:540:void setBillInfo18(java.lang.String) -> setBillInfo18
    551:551:java.lang.String getBillInfo19() -> getBillInfo19
    563:564:void setBillInfo19(java.lang.String) -> setBillInfo19
    575:575:java.lang.String getBillInfo21() -> getBillInfo21
    587:588:void setBillInfo21(java.lang.String) -> setBillInfo21
    599:599:java.lang.String getBillInfo22() -> getBillInfo22
    611:612:void setBillInfo22(java.lang.String) -> setBillInfo22
    623:623:java.lang.String getBillInfo23() -> getBillInfo23
    635:636:void setBillInfo23(java.lang.String) -> setBillInfo23
    647:647:java.lang.String getBillInfo24() -> getBillInfo24
    659:660:void setBillInfo24(java.lang.String) -> setBillInfo24
    671:671:java.lang.String getBillInfo25() -> getBillInfo25
    683:684:void setBillInfo25(java.lang.String) -> setBillInfo25
    695:695:id.co.sigma.mx.channel.ws.wsdl.Status getStatus() -> getStatus
    707:708:void setStatus(id.co.sigma.mx.channel.ws.wsdl.Status) -> setStatus
    713:749:id.co.sigma.mx.channel.ws.wsdl.PaymentResponse2 convertFromMap(java.util.Map) -> convertFromMap
id.co.sigma.mx.channel.ws.wsdl.ReversalRequest -> id.co.sigma.mx.channel.ws.wsdl.ReversalRequest:
    java.lang.String language -> language
    java.lang.String trxDateTime -> trxDateTime
    java.lang.String origTrxDateTime -> origTrxDateTime
    java.lang.String transmissionDateTime -> transmissionDateTime
    java.lang.String origTransmissionDateTime -> origTransmissionDateTime
    java.lang.String companyCode -> companyCode
    java.lang.String channelID -> channelID
    java.lang.String terminalID -> terminalID
    java.lang.String billKey1 -> billKey1
    java.lang.String billKey2 -> billKey2
    java.lang.String billKey3 -> billKey3
    java.lang.String paymentAmount -> paymentAmount
    java.lang.String currency -> currency
    java.lang.String transactionID -> transactionID
    java.lang.String reference1 -> reference1
    java.lang.String reference2 -> reference2
    java.lang.String reference3 -> reference3
    96:96:java.lang.String getLanguage() -> getLanguage
    108:109:void setLanguage(java.lang.String) -> setLanguage
    120:120:java.lang.String getTrxDateTime() -> getTrxDateTime
    132:133:void setTrxDateTime(java.lang.String) -> setTrxDateTime
    144:144:java.lang.String getOrigTrxDateTime() -> getOrigTrxDateTime
    156:157:void setOrigTrxDateTime(java.lang.String) -> setOrigTrxDateTime
    168:168:java.lang.String getTransmissionDateTime() -> getTransmissionDateTime
    180:181:void setTransmissionDateTime(java.lang.String) -> setTransmissionDateTime
    192:192:java.lang.String getOrigTransmissionDateTime() -> getOrigTransmissionDateTime
    204:205:void setOrigTransmissionDateTime(java.lang.String) -> setOrigTransmissionDateTime
    216:216:java.lang.String getCompanyCode() -> getCompanyCode
    228:229:void setCompanyCode(java.lang.String) -> setCompanyCode
    240:240:java.lang.String getChannelID() -> getChannelID
    252:253:void setChannelID(java.lang.String) -> setChannelID
    264:264:java.lang.String getTerminalID() -> getTerminalID
    276:277:void setTerminalID(java.lang.String) -> setTerminalID
    288:288:java.lang.String getBillKey1() -> getBillKey1
    300:301:void setBillKey1(java.lang.String) -> setBillKey1
    312:312:java.lang.String getBillKey2() -> getBillKey2
    324:325:void setBillKey2(java.lang.String) -> setBillKey2
    336:336:java.lang.String getBillKey3() -> getBillKey3
    348:349:void setBillKey3(java.lang.String) -> setBillKey3
    360:360:java.lang.String getPaymentAmount() -> getPaymentAmount
    372:373:void setPaymentAmount(java.lang.String) -> setPaymentAmount
    384:384:java.lang.String getCurrency() -> getCurrency
    396:397:void setCurrency(java.lang.String) -> setCurrency
    408:408:java.lang.String getTransactionID() -> getTransactionID
    420:421:void setTransactionID(java.lang.String) -> setTransactionID
    432:432:java.lang.String getReference1() -> getReference1
    444:445:void setReference1(java.lang.String) -> setReference1
    456:456:java.lang.String getReference2() -> getReference2
    468:469:void setReference2(java.lang.String) -> setReference2
    480:480:java.lang.String getReference3() -> getReference3
    492:493:void setReference3(java.lang.String) -> setReference3
    497:523:java.util.Map toMap() -> toMap
id.co.sigma.mx.channel.ws.wsdl.ReversalResponse -> id.co.sigma.mx.channel.ws.wsdl.ReversalResponse:
    id.co.sigma.mx.channel.ws.wsdl.Status status -> status
    47:47:id.co.sigma.mx.channel.ws.wsdl.Status getStatus() -> getStatus
    59:60:void setStatus(id.co.sigma.mx.channel.ws.wsdl.Status) -> setStatus
    65:78:id.co.sigma.mx.channel.ws.wsdl.ReversalResponse convertFromMap(java.util.Map) -> convertFromMap
id.co.sigma.mx.channel.ws.wsdl.Reverse -> id.co.sigma.mx.channel.ws.wsdl.Reverse:
    id.co.sigma.mx.channel.ws.wsdl.ReversalRequest request -> request
    47:47:id.co.sigma.mx.channel.ws.wsdl.ReversalRequest getRequest() -> getRequest
    59:60:void setRequest(id.co.sigma.mx.channel.ws.wsdl.ReversalRequest) -> setRequest
id.co.sigma.mx.channel.ws.wsdl.ReverseResponse -> id.co.sigma.mx.channel.ws.wsdl.ReverseResponse:
    id.co.sigma.mx.channel.ws.wsdl.ReversalResponse reverseResult -> reverseResult
    47:47:id.co.sigma.mx.channel.ws.wsdl.ReversalResponse getReverseResult() -> getReverseResult
    59:60:void setReverseResult(id.co.sigma.mx.channel.ws.wsdl.ReversalResponse) -> setReverseResult
id.co.sigma.mx.channel.ws.wsdl.Status -> id.co.sigma.mx.channel.ws.wsdl.Status:
    boolean isError -> isError
    java.lang.String errorCode -> errorCode
    java.lang.String statusDescription -> statusDescription
    47:47:boolean isIsError() -> isIsError
    55:56:void setIsError(boolean) -> setIsError
    67:67:java.lang.String getErrorCode() -> getErrorCode
    79:80:void setErrorCode(java.lang.String) -> setErrorCode
    91:91:java.lang.String getStatusDescription() -> getStatusDescription
    103:104:void setStatusDescription(java.lang.String) -> setStatusDescription
id.co.sigma.mx.channel.ws.wsdl.package-info -> id.co.sigma.mx.channel.ws.wsdl.package-info:
